=== synthetic_unseen_drug_base_nogrn on cuda ===
split unseen_drug: train=1026 val=114 test=270
params=23,908,945 d=256 L=4 E=20 grn=False moe=True
optimizer: torch.AdamW
ep  0 step  17 loss=0.7068 val_DEG50=0.035 val_all=0.007 dir50=0.514
ep  2 step  51 loss=0.1347 val_DEG50=0.190 val_all=0.033 dir50=0.576
ep  4 step  85 loss=0.3441 val_DEG50=0.428 val_all=0.107 dir50=0.719
ep  6 step 119 loss=0.2231 val_DEG50=0.510 val_all=0.134 dir50=0.764
ep  8 step 153 loss=0.2823 val_DEG50=0.543 val_all=0.153 dir50=0.789
ep 10 step 187 loss=0.2531 val_DEG50=0.543 val_all=0.173 dir50=0.768
ep 12 step 221 loss=0.2066 val_DEG50=0.528 val_all=0.192 dir50=0.780
ep 14 step 255 loss=0.1398 val_DEG50=0.529 val_all=0.204 dir50=0.772
ep 16 step 289 loss=0.1926 val_DEG50=0.545 val_all=0.224 dir50=0.790
ep 18 step 323 loss=0.1224 val_DEG50=0.583 val_all=0.253 dir50=0.804
ep 20 step 357 loss=0.1241 val_DEG50=0.630 val_all=0.244 dir50=0.807
ep 22 step 391 loss=0.1041 val_DEG50=0.630 val_all=0.284 dir50=0.803
ep 24 step 425 loss=0.4939 val_DEG50=0.675 val_all=0.297 dir50=0.843
ep 26 step 459 loss=0.1331 val_DEG50=0.734 val_all=0.289 dir50=0.834
ep 28 step 493 loss=0.4903 val_DEG50=0.731 val_all=0.348 dir50=0.829
ep 30 step 527 loss=0.1820 val_DEG50=0.729 val_all=0.353 dir50=0.842
ep 32 step 561 loss=0.3018 val_DEG50=0.762 val_all=0.381 dir50=0.870
ep 34 step 595 loss=0.1598 val_DEG50=0.770 val_all=0.378 dir50=0.867
ep 36 step 629 loss=0.1767 val_DEG50=0.788 val_all=0.398 dir50=0.881
ep 38 step 663 loss=0.2148 val_DEG50=0.789 val_all=0.401 dir50=0.885
ep 40 step 697 loss=0.1177 val_DEG50=0.786 val_all=0.404 dir50=0.876
ep 42 step 731 loss=0.1157 val_DEG50=0.792 val_all=0.403 dir50=0.873
ep 44 step 765 loss=0.1209 val_DEG50=0.802 val_all=0.414 dir50=0.892
ep 46 step 799 loss=0.1192 val_DEG50=0.803 val_all=0.417 dir50=0.883
ep 48 step 833 loss=0.1308 val_DEG50=0.813 val_all=0.432 dir50=0.886
ep 50 step 867 loss=0.3984 val_DEG50=0.812 val_all=0.430 dir50=0.890
ep 52 step 901 loss=0.1092 val_DEG50=0.823 val_all=0.440 dir50=0.890
ep 54 step 935 loss=0.3556 val_DEG50=0.820 val_all=0.448 dir50=0.895
ep 56 step 969 loss=0.1274 val_DEG50=0.823 val_all=0.445 dir50=0.891
ep 58 step1003 loss=0.3640 val_DEG50=0.821 val_all=0.449 dir50=0.898
ep 59 step1020 loss=0.1217 val_DEG50=0.822 val_all=0.445 dir50=0.895
best val DEG50=0.823 -> saved E:\vc_project_data\checkpoints\synthetic_unseen_drug_base_nogrn.pt
