=== tahoe_unseen_drug_base on cuda ===
split unseen_drug: train=2067 val=229 test=583
params=44,962,465 d=256 L=4 E=40 grn=True moe=True
optimizer: torch.AdamW
ep  0 step  33 loss=0.3078 val_DEG50=0.166 val_all=0.068 dir50=0.626
ep  2 step  99 loss=0.2108 val_DEG50=0.454 val_all=0.240 dir50=0.790
ep  4 step 165 loss=0.2244 val_DEG50=0.504 val_all=0.282 dir50=0.820
ep  6 step 231 loss=0.2263 val_DEG50=0.524 val_all=0.302 dir50=0.833
ep  8 step 297 loss=0.1984 val_DEG50=0.539 val_all=0.317 dir50=0.837
ep 10 step 363 loss=0.1999 val_DEG50=0.547 val_all=0.328 dir50=0.848
ep 12 step 429 loss=0.2037 val_DEG50=0.574 val_all=0.337 dir50=0.868
ep 14 step 495 loss=0.1931 val_DEG50=0.569 val_all=0.347 dir50=0.867
ep 16 step 561 loss=0.2092 val_DEG50=0.584 val_all=0.356 dir50=0.874
ep 18 step 627 loss=0.1915 val_DEG50=0.574 val_all=0.355 dir50=0.875
ep 20 step 693 loss=0.1983 val_DEG50=0.599 val_all=0.369 dir50=0.885
ep 22 step 759 loss=0.1915 val_DEG50=0.606 val_all=0.379 dir50=0.886
ep 24 step 825 loss=0.1877 val_DEG50=0.621 val_all=0.389 dir50=0.896
ep 26 step 891 loss=0.1749 val_DEG50=0.623 val_all=0.403 dir50=0.901
ep 28 step 957 loss=0.1799 val_DEG50=0.643 val_all=0.418 dir50=0.894
ep 30 step1023 loss=0.1824 val_DEG50=0.660 val_all=0.435 dir50=0.917
ep 32 step1089 loss=0.1754 val_DEG50=0.679 val_all=0.451 dir50=0.920
ep 34 step1155 loss=0.1716 val_DEG50=0.691 val_all=0.463 dir50=0.930
ep 36 step1221 loss=0.1760 val_DEG50=0.702 val_all=0.478 dir50=0.930
ep 38 step1287 loss=0.1752 val_DEG50=0.711 val_all=0.490 dir50=0.936
ep 40 step1353 loss=0.1818 val_DEG50=0.717 val_all=0.498 dir50=0.938
ep 42 step1419 loss=0.1779 val_DEG50=0.731 val_all=0.508 dir50=0.940
ep 44 step1485 loss=0.1823 val_DEG50=0.736 val_all=0.517 dir50=0.946
ep 46 step1551 loss=0.1802 val_DEG50=0.741 val_all=0.524 dir50=0.947
ep 48 step1617 loss=0.1853 val_DEG50=0.746 val_all=0.529 dir50=0.952
ep 50 step1683 loss=0.1655 val_DEG50=0.751 val_all=0.535 dir50=0.954
ep 52 step1749 loss=0.1841 val_DEG50=0.756 val_all=0.540 dir50=0.956
ep 54 step1815 loss=0.1766 val_DEG50=0.758 val_all=0.543 dir50=0.956
ep 56 step1881 loss=0.1721 val_DEG50=0.761 val_all=0.547 dir50=0.958
ep 58 step1947 loss=0.1624 val_DEG50=0.765 val_all=0.550 dir50=0.960
ep 60 step2013 loss=0.1640 val_DEG50=0.767 val_all=0.554 dir50=0.960
ep 62 step2079 loss=0.1659 val_DEG50=0.768 val_all=0.556 dir50=0.959
ep 64 step2145 loss=0.1639 val_DEG50=0.768 val_all=0.556 dir50=0.960
ep 66 step2211 loss=0.1648 val_DEG50=0.772 val_all=0.560 dir50=0.962
ep 68 step2277 loss=0.1618 val_DEG50=0.771 val_all=0.560 dir50=0.961
ep 70 step2343 loss=0.1595 val_DEG50=0.774 val_all=0.562 dir50=0.962
ep 72 step2409 loss=0.1609 val_DEG50=0.773 val_all=0.563 dir50=0.963
ep 74 step2475 loss=0.1592 val_DEG50=0.775 val_all=0.564 dir50=0.963
ep 76 step2541 loss=0.1571 val_DEG50=0.774 val_all=0.565 dir50=0.962
ep 78 step2607 loss=0.1629 val_DEG50=0.775 val_all=0.565 dir50=0.963
ep 79 step2640 loss=0.1688 val_DEG50=0.776 val_all=0.566 dir50=0.962
best val DEG50=0.776 -> saved E:\vc_project_data\checkpoints\tahoe_unseen_drug_base.pt
=== tahoe_unseen_cell_line_base on cuda ===
split unseen_cell_line: train=2232 val=247 test=400
params=44,962,465 d=256 L=4 E=40 grn=True moe=True
optimizer: torch.AdamW
ep  0 step  35 loss=0.2920 val_DEG50=0.170 val_all=0.072 dir50=0.603
ep  2 step 105 loss=0.2071 val_DEG50=0.483 val_all=0.253 dir50=0.788
ep  4 step 175 loss=0.2031 val_DEG50=0.515 val_all=0.287 dir50=0.811
ep  6 step 245 loss=0.2019 val_DEG50=0.545 val_all=0.313 dir50=0.824
ep  8 step 315 loss=0.1972 val_DEG50=0.582 val_all=0.340 dir50=0.851
ep 10 step 385 loss=0.1947 val_DEG50=0.575 val_all=0.346 dir50=0.851
ep 12 step 455 loss=0.1955 val_DEG50=0.595 val_all=0.359 dir50=0.842
ep 14 step 525 loss=0.1924 val_DEG50=0.597 val_all=0.366 dir50=0.869
ep 16 step 595 loss=0.1896 val_DEG50=0.615 val_all=0.376 dir50=0.871
ep 18 step 665 loss=0.1860 val_DEG50=0.620 val_all=0.387 dir50=0.879
ep 20 step 735 loss=0.1835 val_DEG50=0.628 val_all=0.394 dir50=0.890
ep 22 step 805 loss=0.1809 val_DEG50=0.643 val_all=0.409 dir50=0.896
ep 24 step 875 loss=0.1810 val_DEG50=0.650 val_all=0.422 dir50=0.901
ep 26 step 945 loss=0.1786 val_DEG50=0.679 val_all=0.443 dir50=0.914
ep 28 step1015 loss=0.1701 val_DEG50=0.690 val_all=0.459 dir50=0.917
ep 30 step1085 loss=0.1789 val_DEG50=0.705 val_all=0.475 dir50=0.928
ep 32 step1155 loss=0.1697 val_DEG50=0.715 val_all=0.489 dir50=0.935
ep 34 step1225 loss=0.1749 val_DEG50=0.723 val_all=0.501 dir50=0.940
ep 36 step1295 loss=0.1690 val_DEG50=0.729 val_all=0.511 dir50=0.945
ep 38 step1365 loss=0.1653 val_DEG50=0.736 val_all=0.521 dir50=0.948
ep 40 step1435 loss=0.1725 val_DEG50=0.744 val_all=0.531 dir50=0.950
ep 42 step1505 loss=0.1709 val_DEG50=0.748 val_all=0.536 dir50=0.952
ep 44 step1575 loss=0.1613 val_DEG50=0.756 val_all=0.545 dir50=0.955
ep 46 step1645 loss=0.1630 val_DEG50=0.761 val_all=0.549 dir50=0.956
ep 48 step1715 loss=0.1633 val_DEG50=0.765 val_all=0.554 dir50=0.959
ep 50 step1785 loss=0.1654 val_DEG50=0.767 val_all=0.558 dir50=0.959
ep 52 step1855 loss=0.1679 val_DEG50=0.769 val_all=0.561 dir50=0.960
ep 54 step1925 loss=0.1706 val_DEG50=0.775 val_all=0.563 dir50=0.962
ep 56 step1995 loss=0.1609 val_DEG50=0.775 val_all=0.566 dir50=0.963
ep 58 step2065 loss=0.1653 val_DEG50=0.775 val_all=0.567 dir50=0.963
ep 60 step2135 loss=0.1609 val_DEG50=0.779 val_all=0.570 dir50=0.965
ep 62 step2205 loss=0.1626 val_DEG50=0.779 val_all=0.572 dir50=0.964
ep 64 step2275 loss=0.1613 val_DEG50=0.779 val_all=0.573 dir50=0.964
ep 66 step2345 loss=0.1567 val_DEG50=0.784 val_all=0.575 dir50=0.966
ep 68 step2415 loss=0.1654 val_DEG50=0.783 val_all=0.575 dir50=0.966
ep 70 step2485 loss=0.1635 val_DEG50=0.784 val_all=0.576 dir50=0.967
ep 72 step2555 loss=0.1616 val_DEG50=0.784 val_all=0.577 dir50=0.966
ep 74 step2625 loss=0.1631 val_DEG50=0.785 val_all=0.578 dir50=0.966
ep 76 step2695 loss=0.1615 val_DEG50=0.785 val_all=0.578 dir50=0.965
ep 78 step2765 loss=0.1622 val_DEG50=0.786 val_all=0.579 dir50=0.967
ep 79 step2800 loss=0.1590 val_DEG50=0.786 val_all=0.579 dir50=0.966
best val DEG50=0.786 -> saved E:\vc_project_data\checkpoints\tahoe_unseen_cell_line_base.pt
=== tahoe_unseen_both_base on cuda ===
split unseen_both: train=1803 val=200 test=87
params=44,962,465 d=256 L=4 E=40 grn=True moe=True
optimizer: torch.AdamW
ep  0 step  29 loss=0.3694 val_DEG50=0.138 val_all=0.058 dir50=0.563
ep  2 step  87 loss=0.2018 val_DEG50=0.444 val_all=0.227 dir50=0.759
ep  4 step 145 loss=0.2515 val_DEG50=0.476 val_all=0.268 dir50=0.800
ep  6 step 203 loss=0.2581 val_DEG50=0.495 val_all=0.285 dir50=0.739
ep  8 step 261 loss=0.1928 val_DEG50=0.523 val_all=0.305 dir50=0.832
ep 10 step 319 loss=0.1918 val_DEG50=0.506 val_all=0.299 dir50=0.818
ep 12 step 377 loss=0.2093 val_DEG50=0.542 val_all=0.322 dir50=0.842
ep 14 step 435 loss=0.1954 val_DEG50=0.538 val_all=0.327 dir50=0.807
ep 16 step 493 loss=0.1988 val_DEG50=0.585 val_all=0.355 dir50=0.865
ep 18 step 551 loss=0.1824 val_DEG50=0.590 val_all=0.363 dir50=0.865
ep 20 step 609 loss=0.1976 val_DEG50=0.598 val_all=0.371 dir50=0.879
ep 22 step 667 loss=0.1914 val_DEG50=0.587 val_all=0.371 dir50=0.876
ep 24 step 725 loss=0.1829 val_DEG50=0.618 val_all=0.388 dir50=0.890
ep 26 step 783 loss=0.1882 val_DEG50=0.636 val_all=0.395 dir50=0.895
ep 28 step 841 loss=0.1791 val_DEG50=0.629 val_all=0.405 dir50=0.894
ep 30 step 899 loss=0.1967 val_DEG50=0.647 val_all=0.422 dir50=0.907
ep 32 step 957 loss=0.1761 val_DEG50=0.656 val_all=0.434 dir50=0.913
ep 34 step1015 loss=0.1797 val_DEG50=0.666 val_all=0.446 dir50=0.918
ep 36 step1073 loss=0.1920 val_DEG50=0.674 val_all=0.458 dir50=0.923
ep 38 step1131 loss=0.1557 val_DEG50=0.676 val_all=0.466 dir50=0.925
ep 40 step1189 loss=0.1795 val_DEG50=0.697 val_all=0.479 dir50=0.929
ep 42 step1247 loss=0.1925 val_DEG50=0.704 val_all=0.489 dir50=0.932
ep 44 step1305 loss=0.1687 val_DEG50=0.713 val_all=0.498 dir50=0.939
ep 46 step1363 loss=0.1804 val_DEG50=0.714 val_all=0.503 dir50=0.939
ep 48 step1421 loss=0.1906 val_DEG50=0.730 val_all=0.512 dir50=0.945
ep 50 step1479 loss=0.1887 val_DEG50=0.735 val_all=0.518 dir50=0.942
ep 52 step1537 loss=0.1696 val_DEG50=0.732 val_all=0.523 dir50=0.946
ep 54 step1595 loss=0.1574 val_DEG50=0.741 val_all=0.528 dir50=0.949
ep 56 step1653 loss=0.1656 val_DEG50=0.740 val_all=0.531 dir50=0.950
ep 58 step1711 loss=0.1664 val_DEG50=0.749 val_all=0.536 dir50=0.951
ep 60 step1769 loss=0.1696 val_DEG50=0.751 val_all=0.539 dir50=0.951
ep 62 step1827 loss=0.1646 val_DEG50=0.752 val_all=0.541 dir50=0.954
ep 64 step1885 loss=0.1652 val_DEG50=0.754 val_all=0.544 dir50=0.955
ep 66 step1943 loss=0.1729 val_DEG50=0.758 val_all=0.546 dir50=0.956
ep 68 step2001 loss=0.1579 val_DEG50=0.760 val_all=0.548 dir50=0.957
ep 70 step2059 loss=0.1590 val_DEG50=0.759 val_all=0.548 dir50=0.956
ep 72 step2117 loss=0.1695 val_DEG50=0.761 val_all=0.550 dir50=0.956
ep 74 step2175 loss=0.1655 val_DEG50=0.760 val_all=0.551 dir50=0.956
ep 76 step2233 loss=0.1606 val_DEG50=0.763 val_all=0.553 dir50=0.957
ep 78 step2291 loss=0.1712 val_DEG50=0.764 val_all=0.553 dir50=0.957
ep 79 step2320 loss=0.1674 val_DEG50=0.764 val_all=0.554 dir50=0.957
best val DEG50=0.764 -> saved E:\vc_project_data\checkpoints\tahoe_unseen_both_base.pt
=== tahoe_unseen_drug_base_nogrn on cuda ===
split unseen_drug: train=2067 val=229 test=583
params=44,962,465 d=256 L=4 E=40 grn=False moe=True
optimizer: torch.AdamW
ep  0 step  33 loss=0.3218 val_DEG50=0.128 val_all=0.051 dir50=0.593
ep  2 step  99 loss=0.2097 val_DEG50=0.441 val_all=0.230 dir50=0.756
ep  4 step 165 loss=0.2257 val_DEG50=0.486 val_all=0.269 dir50=0.805
ep  6 step 231 loss=0.2000 val_DEG50=0.489 val_all=0.281 dir50=0.759
ep  8 step 297 loss=0.1998 val_DEG50=0.516 val_all=0.303 dir50=0.819
ep 10 step 363 loss=0.2006 val_DEG50=0.531 val_all=0.317 dir50=0.853
ep 12 step 429 loss=0.2025 val_DEG50=0.555 val_all=0.335 dir50=0.862
ep 14 step 495 loss=0.1904 val_DEG50=0.563 val_all=0.343 dir50=0.870
ep 16 step 561 loss=0.2049 val_DEG50=0.584 val_all=0.355 dir50=0.877
ep 18 step 627 loss=0.1893 val_DEG50=0.591 val_all=0.363 dir50=0.878
ep 20 step 693 loss=0.1956 val_DEG50=0.616 val_all=0.380 dir50=0.889
ep 22 step 759 loss=0.1917 val_DEG50=0.624 val_all=0.392 dir50=0.892
ep 24 step 825 loss=0.1854 val_DEG50=0.640 val_all=0.414 dir50=0.904
ep 26 step 891 loss=0.1723 val_DEG50=0.661 val_all=0.435 dir50=0.917
ep 28 step 957 loss=0.1768 val_DEG50=0.668 val_all=0.449 dir50=0.908
ep 30 step1023 loss=0.1786 val_DEG50=0.690 val_all=0.469 dir50=0.926
ep 32 step1089 loss=0.1738 val_DEG50=0.712 val_all=0.484 dir50=0.936
ep 34 step1155 loss=0.1698 val_DEG50=0.719 val_all=0.498 dir50=0.941
ep 36 step1221 loss=0.1713 val_DEG50=0.729 val_all=0.510 dir50=0.942
ep 38 step1287 loss=0.1720 val_DEG50=0.736 val_all=0.521 dir50=0.950
ep 40 step1353 loss=0.1784 val_DEG50=0.747 val_all=0.527 dir50=0.952
ep 42 step1419 loss=0.1734 val_DEG50=0.752 val_all=0.535 dir50=0.951
ep 44 step1485 loss=0.1783 val_DEG50=0.755 val_all=0.541 dir50=0.957
ep 46 step1551 loss=0.1774 val_DEG50=0.757 val_all=0.546 dir50=0.956
ep 48 step1617 loss=0.1832 val_DEG50=0.764 val_all=0.549 dir50=0.959
ep 50 step1683 loss=0.1635 val_DEG50=0.766 val_all=0.555 dir50=0.962
ep 52 step1749 loss=0.1811 val_DEG50=0.768 val_all=0.558 dir50=0.960
ep 54 step1815 loss=0.1730 val_DEG50=0.769 val_all=0.559 dir50=0.963
ep 56 step1881 loss=0.1695 val_DEG50=0.773 val_all=0.563 dir50=0.963
ep 58 step1947 loss=0.1607 val_DEG50=0.773 val_all=0.565 dir50=0.964
ep 60 step2013 loss=0.1618 val_DEG50=0.775 val_all=0.568 dir50=0.966
ep 62 step2079 loss=0.1636 val_DEG50=0.777 val_all=0.569 dir50=0.965
ep 64 step2145 loss=0.1616 val_DEG50=0.777 val_all=0.570 dir50=0.966
ep 66 step2211 loss=0.1637 val_DEG50=0.778 val_all=0.571 dir50=0.966
ep 68 step2277 loss=0.1601 val_DEG50=0.779 val_all=0.572 dir50=0.967
ep 70 step2343 loss=0.1577 val_DEG50=0.781 val_all=0.573 dir50=0.966
ep 72 step2409 loss=0.1588 val_DEG50=0.780 val_all=0.574 dir50=0.967
ep 74 step2475 loss=0.1577 val_DEG50=0.781 val_all=0.575 dir50=0.966
ep 76 step2541 loss=0.1557 val_DEG50=0.781 val_all=0.575 dir50=0.966
ep 78 step2607 loss=0.1606 val_DEG50=0.781 val_all=0.576 dir50=0.967
ep 79 step2640 loss=0.1666 val_DEG50=0.781 val_all=0.576 dir50=0.968
best val DEG50=0.781 -> saved E:\vc_project_data\checkpoints\tahoe_unseen_drug_base_nogrn.pt
TAHOE RUNS DONE
