=== tahoe_full__unseen_drug__base__trrust_weighted === params=44,962,465 variant=trrust_weighted grn_edges=539 device=cuda
  ep  0 val_DEG50=0.610 val_all=0.318
  ep  2 val_DEG50=0.735 val_all=0.512
  ep  4 val_DEG50=0.751 val_all=0.545
  ep  6 val_DEG50=0.780 val_all=0.600
  ep  8 val_DEG50=0.804 val_all=0.645
  ep 10 val_DEG50=0.817 val_all=0.666
  ep 12 val_DEG50=0.823 val_all=0.675
  ep 14 val_DEG50=0.833 val_all=0.690
  ep 16 val_DEG50=0.840 val_all=0.699
  ep 18 val_DEG50=0.844 val_all=0.708
  ep 20 val_DEG50=0.849 val_all=0.714
  ep 22 val_DEG50=0.853 val_all=0.718
  ep 24 val_DEG50=0.856 val_all=0.721
  best val DEG50=0.856 -> E:\vc_project_data\checkpoints\tahoe_full__unseen_drug__base__trrust_weighted.pt
=== tahoe_full__unseen_drug__base__trrust_weighted__s1 === params=44,962,465 variant=trrust_weighted grn_edges=539 device=cuda
  ep  0 val_DEG50=0.624 val_all=0.333
  ep  2 val_DEG50=0.735 val_all=0.515
  ep  4 val_DEG50=0.750 val_all=0.547
  ep  6 val_DEG50=0.786 val_all=0.612
  ep  8 val_DEG50=0.800 val_all=0.643
  ep 10 val_DEG50=0.814 val_all=0.663
  ep 12 val_DEG50=0.822 val_all=0.677
  ep 14 val_DEG50=0.834 val_all=0.690
  ep 16 val_DEG50=0.837 val_all=0.701
  ep 18 val_DEG50=0.844 val_all=0.708
  ep 20 val_DEG50=0.847 val_all=0.714
  ep 22 val_DEG50=0.851 val_all=0.719
  ep 24 val_DEG50=0.853 val_all=0.722
  best val DEG50=0.853 -> E:\vc_project_data\checkpoints\tahoe_full__unseen_drug__base__trrust_weighted__s1.pt
=== tahoe_full__unseen_drug__base__trrust_weighted__s2 === params=44,962,465 variant=trrust_weighted grn_edges=539 device=cuda
  ep  0 val_DEG50=0.631 val_all=0.340
  ep  2 val_DEG50=0.734 val_all=0.508
  ep  4 val_DEG50=0.756 val_all=0.549
  ep  6 val_DEG50=0.778 val_all=0.601
  ep  8 val_DEG50=0.800 val_all=0.638
  ep 10 val_DEG50=0.808 val_all=0.657
  ep 12 val_DEG50=0.825 val_all=0.675
  ep 14 val_DEG50=0.834 val_all=0.690
  ep 16 val_DEG50=0.843 val_all=0.701
  ep 18 val_DEG50=0.847 val_all=0.709
  ep 20 val_DEG50=0.851 val_all=0.716
  ep 22 val_DEG50=0.853 val_all=0.720
  ep 24 val_DEG50=0.857 val_all=0.723
  best val DEG50=0.857 -> E:\vc_project_data\checkpoints\tahoe_full__unseen_drug__base__trrust_weighted__s2.pt
TW_DONE
