=== synthetic_unseen_drug_base on cuda ===
split unseen_drug: train=1026 val=114 test=270
params=23,908,945 d=256 L=4 E=20 grn=True moe=True
optimizer: torch.AdamW
ep  0 step  17 loss=0.7113 val_DEG50=0.037 val_all=0.008 dir50=0.514
ep  2 step  51 loss=0.1339 val_DEG50=0.200 val_all=0.036 dir50=0.585
ep  4 step  85 loss=0.3429 val_DEG50=0.440 val_all=0.111 dir50=0.729
ep  6 step 119 loss=0.2209 val_DEG50=0.520 val_all=0.138 dir50=0.766
ep  8 step 153 loss=0.2821 val_DEG50=0.540 val_all=0.155 dir50=0.769
ep 10 step 187 loss=0.2259 val_DEG50=0.544 val_all=0.175 dir50=0.759
ep 12 step 221 loss=0.2062 val_DEG50=0.533 val_all=0.202 dir50=0.772
ep 14 step 255 loss=0.1456 val_DEG50=0.529 val_all=0.204 dir50=0.769
ep 16 step 289 loss=0.1928 val_DEG50=0.567 val_all=0.251 dir50=0.793
ep 18 step 323 loss=0.1132 val_DEG50=0.595 val_all=0.258 dir50=0.800
ep 20 step 357 loss=0.1245 val_DEG50=0.664 val_all=0.256 dir50=0.817
ep 22 step 391 loss=0.1042 val_DEG50=0.693 val_all=0.297 dir50=0.843
ep 24 step 425 loss=0.2755 val_DEG50=0.730 val_all=0.306 dir50=0.855
ep 26 step 459 loss=0.1306 val_DEG50=0.752 val_all=0.338 dir50=0.853
ep 28 step 493 loss=0.4884 val_DEG50=0.753 val_all=0.370 dir50=0.859
ep 30 step 527 loss=0.1660 val_DEG50=0.772 val_all=0.389 dir50=0.859
ep 32 step 561 loss=0.3201 val_DEG50=0.778 val_all=0.376 dir50=0.867
ep 34 step 595 loss=0.1491 val_DEG50=0.791 val_all=0.391 dir50=0.879
ep 36 step 629 loss=0.1445 val_DEG50=0.794 val_all=0.419 dir50=0.857
ep 38 step 663 loss=0.2050 val_DEG50=0.814 val_all=0.428 dir50=0.861
ep 40 step 697 loss=0.1187 val_DEG50=0.815 val_all=0.434 dir50=0.887
ep 42 step 731 loss=0.1185 val_DEG50=0.812 val_all=0.434 dir50=0.887
ep 44 step 765 loss=0.1232 val_DEG50=0.828 val_all=0.461 dir50=0.883
ep 46 step 799 loss=0.1189 val_DEG50=0.821 val_all=0.464 dir50=0.894
ep 48 step 833 loss=0.1310 val_DEG50=0.838 val_all=0.473 dir50=0.899
ep 50 step 867 loss=0.3138 val_DEG50=0.846 val_all=0.487 dir50=0.907
ep 52 step 901 loss=0.1094 val_DEG50=0.853 val_all=0.498 dir50=0.897
ep 54 step 935 loss=0.3078 val_DEG50=0.860 val_all=0.500 dir50=0.898
ep 56 step 969 loss=0.1242 val_DEG50=0.863 val_all=0.512 dir50=0.901
ep 58 step1003 loss=0.3632 val_DEG50=0.870 val_all=0.522 dir50=0.915
ep 60 step1037 loss=0.1304 val_DEG50=0.871 val_all=0.524 dir50=0.906
ep 62 step1071 loss=0.1430 val_DEG50=0.878 val_all=0.523 dir50=0.906
ep 64 step1105 loss=0.1317 val_DEG50=0.879 val_all=0.529 dir50=0.910
ep 66 step1139 loss=0.2857 val_DEG50=0.883 val_all=0.532 dir50=0.914
ep 68 step1173 loss=0.1664 val_DEG50=0.886 val_all=0.539 dir50=0.913
ep 70 step1207 loss=0.1940 val_DEG50=0.887 val_all=0.540 dir50=0.912
ep 72 step1241 loss=0.1940 val_DEG50=0.892 val_all=0.540 dir50=0.918
ep 74 step1275 loss=0.1134 val_DEG50=0.895 val_all=0.543 dir50=0.920
ep 76 step1309 loss=0.1953 val_DEG50=0.894 val_all=0.545 dir50=0.917
ep 78 step1343 loss=0.1069 val_DEG50=0.896 val_all=0.546 dir50=0.920
ep 79 step1360 loss=0.1628 val_DEG50=0.896 val_all=0.549 dir50=0.919
best val DEG50=0.896 -> saved E:\vc_project_data\checkpoints\synthetic_unseen_drug_base.pt
