=== synthetic__unseen_drug__base__none === params=23,908,945 variant=none grn_edges=0 device=cuda
  ep  0 val_DEG50=0.042 val_all=0.007
  ep  2 val_DEG50=0.179 val_all=0.033
  ep  4 val_DEG50=0.419 val_all=0.107
  ep  6 val_DEG50=0.474 val_all=0.134
  ep  8 val_DEG50=0.489 val_all=0.152
  ep 10 val_DEG50=0.490 val_all=0.170
  ep 12 val_DEG50=0.482 val_all=0.198
  ep 14 val_DEG50=0.486 val_all=0.209
  ep 16 val_DEG50=0.500 val_all=0.248
  ep 18 val_DEG50=0.499 val_all=0.256
  ep 20 val_DEG50=0.541 val_all=0.263
  ep 22 val_DEG50=0.550 val_all=0.280
  ep 24 val_DEG50=0.584 val_all=0.303
  ep 26 val_DEG50=0.626 val_all=0.297
  ep 28 val_DEG50=0.639 val_all=0.346
  ep 30 val_DEG50=0.648 val_all=0.358
  ep 32 val_DEG50=0.665 val_all=0.374
  ep 34 val_DEG50=0.669 val_all=0.390
  ep 36 val_DEG50=0.681 val_all=0.396
  ep 38 val_DEG50=0.696 val_all=0.392
  ep 40 val_DEG50=0.700 val_all=0.401
  ep 42 val_DEG50=0.702 val_all=0.395
  ep 44 val_DEG50=0.707 val_all=0.408
  ep 46 val_DEG50=0.702 val_all=0.412
  ep 48 val_DEG50=0.708 val_all=0.416
  ep 50 val_DEG50=0.711 val_all=0.421
  ep 52 val_DEG50=0.715 val_all=0.431
  ep 54 val_DEG50=0.716 val_all=0.436
  best val DEG50=0.716 -> E:\vc_project_data\checkpoints\synthetic__unseen_drug__base__none.pt
=== synthetic__unseen_drug__base__none__s1 === params=23,908,945 variant=none grn_edges=0 device=cuda
  ep  0 val_DEG50=0.012 val_all=0.005
  ep  2 val_DEG50=0.215 val_all=0.046
  ep  4 val_DEG50=0.408 val_all=0.106
  ep  6 val_DEG50=0.467 val_all=0.133
  ep  8 val_DEG50=0.475 val_all=0.151
  ep 10 val_DEG50=0.455 val_all=0.171
  ep 12 val_DEG50=0.454 val_all=0.184
  ep 14 val_DEG50=0.463 val_all=0.201
  ep 16 val_DEG50=0.491 val_all=0.211
  ep 18 val_DEG50=0.522 val_all=0.217
  ep 20 val_DEG50=0.552 val_all=0.261
  ep 22 val_DEG50=0.568 val_all=0.267
  ep 24 val_DEG50=0.578 val_all=0.277
  ep 26 val_DEG50=0.597 val_all=0.322
  ep 28 val_DEG50=0.639 val_all=0.338
  ep 30 val_DEG50=0.656 val_all=0.365
  ep 32 val_DEG50=0.670 val_all=0.369
  ep 34 val_DEG50=0.665 val_all=0.383
  ep 36 val_DEG50=0.689 val_all=0.397
  ep 38 val_DEG50=0.692 val_all=0.404
  ep 40 val_DEG50=0.701 val_all=0.411
  ep 42 val_DEG50=0.703 val_all=0.425
  ep 44 val_DEG50=0.711 val_all=0.422
  ep 46 val_DEG50=0.714 val_all=0.428
  ep 48 val_DEG50=0.715 val_all=0.423
  ep 50 val_DEG50=0.717 val_all=0.433
  ep 52 val_DEG50=0.721 val_all=0.435
  ep 54 val_DEG50=0.724 val_all=0.436
  best val DEG50=0.724 -> E:\vc_project_data\checkpoints\synthetic__unseen_drug__base__none__s1.pt
=== synthetic__unseen_drug__base__none__s2 === params=23,908,945 variant=none grn_edges=0 device=cuda
  ep  0 val_DEG50=0.030 val_all=0.011
  ep  2 val_DEG50=0.212 val_all=0.047
  ep  4 val_DEG50=0.431 val_all=0.111
  ep  6 val_DEG50=0.488 val_all=0.136
  ep  8 val_DEG50=0.495 val_all=0.157
  ep 10 val_DEG50=0.477 val_all=0.162
  ep 12 val_DEG50=0.479 val_all=0.191
  ep 14 val_DEG50=0.479 val_all=0.198
  ep 16 val_DEG50=0.469 val_all=0.218
  ep 18 val_DEG50=0.496 val_all=0.233
  ep 20 val_DEG50=0.532 val_all=0.261
  ep 22 val_DEG50=0.572 val_all=0.291
  ep 24 val_DEG50=0.592 val_all=0.301
  ep 26 val_DEG50=0.626 val_all=0.341
  ep 28 val_DEG50=0.647 val_all=0.354
  ep 30 val_DEG50=0.672 val_all=0.368
  ep 32 val_DEG50=0.688 val_all=0.385
  ep 34 val_DEG50=0.695 val_all=0.385
  ep 36 val_DEG50=0.697 val_all=0.386
  ep 38 val_DEG50=0.706 val_all=0.412
  ep 40 val_DEG50=0.713 val_all=0.411
  ep 42 val_DEG50=0.713 val_all=0.406
  ep 44 val_DEG50=0.718 val_all=0.411
  ep 46 val_DEG50=0.723 val_all=0.416
  ep 48 val_DEG50=0.726 val_all=0.417
  ep 50 val_DEG50=0.722 val_all=0.410
  ep 52 val_DEG50=0.725 val_all=0.418
  ep 54 val_DEG50=0.726 val_all=0.413
  best val DEG50=0.726 -> E:\vc_project_data\checkpoints\synthetic__unseen_drug__base__none__s2.pt
=== synthetic__unseen_drug__base__random === params=23,908,945 variant=random grn_edges=4530 device=cuda
  ep  0 val_DEG50=0.052 val_all=0.008
  ep  2 val_DEG50=0.192 val_all=0.036
  ep  4 val_DEG50=0.432 val_all=0.112
  ep  6 val_DEG50=0.482 val_all=0.138
  ep  8 val_DEG50=0.489 val_all=0.155
  ep 10 val_DEG50=0.499 val_all=0.173
  ep 12 val_DEG50=0.475 val_all=0.193
  ep 14 val_DEG50=0.472 val_all=0.196
  ep 16 val_DEG50=0.501 val_all=0.228
  ep 18 val_DEG50=0.521 val_all=0.260
  ep 20 val_DEG50=0.559 val_all=0.258
  ep 22 val_DEG50=0.582 val_all=0.271
  ep 24 val_DEG50=0.585 val_all=0.293
  ep 26 val_DEG50=0.641 val_all=0.311
  ep 28 val_DEG50=0.657 val_all=0.353
  ep 30 val_DEG50=0.664 val_all=0.369
  ep 32 val_DEG50=0.689 val_all=0.386
  ep 34 val_DEG50=0.696 val_all=0.391
  ep 36 val_DEG50=0.692 val_all=0.400
  ep 38 val_DEG50=0.705 val_all=0.395
  ep 40 val_DEG50=0.708 val_all=0.398
  ep 42 val_DEG50=0.710 val_all=0.401
  ep 44 val_DEG50=0.716 val_all=0.410
  ep 46 val_DEG50=0.714 val_all=0.416
  ep 48 val_DEG50=0.716 val_all=0.417
  ep 50 val_DEG50=0.720 val_all=0.420
  ep 52 val_DEG50=0.721 val_all=0.421
  ep 54 val_DEG50=0.723 val_all=0.426
  best val DEG50=0.723 -> E:\vc_project_data\checkpoints\synthetic__unseen_drug__base__random.pt
=== synthetic__unseen_drug__base__random__s1 === params=23,908,945 variant=random grn_edges=4530 device=cuda
  ep  0 val_DEG50=0.009 val_all=0.005
  ep  2 val_DEG50=0.232 val_all=0.051
  ep  4 val_DEG50=0.420 val_all=0.111
  ep  6 val_DEG50=0.478 val_all=0.138
  ep  8 val_DEG50=0.484 val_all=0.151
  ep 10 val_DEG50=0.461 val_all=0.177
  ep 12 val_DEG50=0.458 val_all=0.191
  ep 14 val_DEG50=0.459 val_all=0.206
  ep 16 val_DEG50=0.510 val_all=0.234
  ep 18 val_DEG50=0.519 val_all=0.247
  ep 20 val_DEG50=0.525 val_all=0.256
  ep 22 val_DEG50=0.569 val_all=0.282
  ep 24 val_DEG50=0.574 val_all=0.296
  ep 26 val_DEG50=0.586 val_all=0.323
  ep 28 val_DEG50=0.634 val_all=0.342
  ep 30 val_DEG50=0.656 val_all=0.361
  ep 32 val_DEG50=0.646 val_all=0.360
  ep 34 val_DEG50=0.675 val_all=0.389
  ep 36 val_DEG50=0.688 val_all=0.396
  ep 38 val_DEG50=0.694 val_all=0.402
  ep 40 val_DEG50=0.697 val_all=0.401
  ep 42 val_DEG50=0.698 val_all=0.411
  ep 44 val_DEG50=0.705 val_all=0.411
  ep 46 val_DEG50=0.711 val_all=0.421
  ep 48 val_DEG50=0.711 val_all=0.422
  ep 50 val_DEG50=0.713 val_all=0.430
  ep 52 val_DEG50=0.717 val_all=0.431
  ep 54 val_DEG50=0.717 val_all=0.429
  best val DEG50=0.717 -> E:\vc_project_data\checkpoints\synthetic__unseen_drug__base__random__s1.pt
=== synthetic__unseen_drug__base__random__s2 === params=23,908,945 variant=random grn_edges=4530 device=cuda
  ep  0 val_DEG50=0.032 val_all=0.011
  ep  2 val_DEG50=0.238 val_all=0.052
  ep  4 val_DEG50=0.446 val_all=0.117
  ep  6 val_DEG50=0.495 val_all=0.140
  ep  8 val_DEG50=0.497 val_all=0.161
  ep 10 val_DEG50=0.470 val_all=0.159
  ep 12 val_DEG50=0.472 val_all=0.191
  ep 14 val_DEG50=0.469 val_all=0.193
  ep 16 val_DEG50=0.485 val_all=0.230
  ep 18 val_DEG50=0.514 val_all=0.241
  ep 20 val_DEG50=0.554 val_all=0.266
  ep 22 val_DEG50=0.565 val_all=0.297
  ep 24 val_DEG50=0.594 val_all=0.311
  ep 26 val_DEG50=0.641 val_all=0.338
  ep 28 val_DEG50=0.650 val_all=0.348
  ep 30 val_DEG50=0.661 val_all=0.358
  ep 32 val_DEG50=0.674 val_all=0.370
  ep 34 val_DEG50=0.697 val_all=0.396
  ep 36 val_DEG50=0.698 val_all=0.397
  ep 38 val_DEG50=0.706 val_all=0.413
  ep 40 val_DEG50=0.718 val_all=0.413
  ep 42 val_DEG50=0.714 val_all=0.407
  ep 44 val_DEG50=0.716 val_all=0.415
  ep 46 val_DEG50=0.723 val_all=0.415
  ep 48 val_DEG50=0.726 val_all=0.420
  ep 50 val_DEG50=0.726 val_all=0.419
  ep 52 val_DEG50=0.729 val_all=0.422
  ep 54 val_DEG50=0.729 val_all=0.420
  best val DEG50=0.729 -> E:\vc_project_data\checkpoints\synthetic__unseen_drug__base__random__s2.pt
=== synthetic__unseen_drug__base__coexpr === params=23,908,945 variant=coexpr grn_edges=100 device=cuda
  ep  0 val_DEG50=0.060 val_all=0.010
  ep  2 val_DEG50=0.201 val_all=0.038
  ep  4 val_DEG50=0.437 val_all=0.113
  ep  6 val_DEG50=0.481 val_all=0.139
  ep  8 val_DEG50=0.492 val_all=0.156
  ep 10 val_DEG50=0.490 val_all=0.180
  ep 12 val_DEG50=0.472 val_all=0.191
  ep 14 val_DEG50=0.475 val_all=0.214
  ep 16 val_DEG50=0.492 val_all=0.235
  ep 18 val_DEG50=0.507 val_all=0.254
  ep 20 val_DEG50=0.553 val_all=0.240
  ep 22 val_DEG50=0.574 val_all=0.276
  ep 24 val_DEG50=0.581 val_all=0.294
  ep 26 val_DEG50=0.636 val_all=0.321
  ep 28 val_DEG50=0.651 val_all=0.353
  ep 30 val_DEG50=0.645 val_all=0.364
  ep 32 val_DEG50=0.670 val_all=0.384
  ep 34 val_DEG50=0.680 val_all=0.385
  ep 36 val_DEG50=0.688 val_all=0.394
  ep 38 val_DEG50=0.693 val_all=0.396
  ep 40 val_DEG50=0.693 val_all=0.406
  ep 42 val_DEG50=0.699 val_all=0.415
  ep 44 val_DEG50=0.708 val_all=0.422
  ep 46 val_DEG50=0.706 val_all=0.423
  ep 48 val_DEG50=0.709 val_all=0.427
  ep 50 val_DEG50=0.713 val_all=0.432
  ep 52 val_DEG50=0.715 val_all=0.430
  ep 54 val_DEG50=0.715 val_all=0.433
  best val DEG50=0.715 -> E:\vc_project_data\checkpoints\synthetic__unseen_drug__base__coexpr.pt
=== synthetic__unseen_drug__base__coexpr__s1 === params=23,908,945 variant=coexpr grn_edges=100 device=cuda
  ep  0 val_DEG50=0.009 val_all=0.004
  ep  2 val_DEG50=0.261 val_all=0.057
  ep  4 val_DEG50=0.429 val_all=0.115
  ep  6 val_DEG50=0.478 val_all=0.140
  ep  8 val_DEG50=0.484 val_all=0.154
  ep 10 val_DEG50=0.462 val_all=0.179
  ep 12 val_DEG50=0.459 val_all=0.204
  ep 14 val_DEG50=0.456 val_all=0.215
  ep 16 val_DEG50=0.487 val_all=0.225
  ep 18 val_DEG50=0.514 val_all=0.234
  ep 20 val_DEG50=0.549 val_all=0.267
  ep 22 val_DEG50=0.589 val_all=0.290
  ep 24 val_DEG50=0.566 val_all=0.286
  ep 26 val_DEG50=0.621 val_all=0.327
  ep 28 val_DEG50=0.653 val_all=0.351
  ep 30 val_DEG50=0.659 val_all=0.362
  ep 32 val_DEG50=0.671 val_all=0.372
  ep 34 val_DEG50=0.683 val_all=0.388
  ep 36 val_DEG50=0.697 val_all=0.398
  ep 38 val_DEG50=0.703 val_all=0.412
  ep 40 val_DEG50=0.708 val_all=0.410
  ep 42 val_DEG50=0.707 val_all=0.422
  ep 44 val_DEG50=0.716 val_all=0.426
  ep 46 val_DEG50=0.720 val_all=0.425
  ep 48 val_DEG50=0.721 val_all=0.427
  ep 50 val_DEG50=0.722 val_all=0.432
  ep 52 val_DEG50=0.725 val_all=0.432
  ep 54 val_DEG50=0.725 val_all=0.430
  best val DEG50=0.725 -> E:\vc_project_data\checkpoints\synthetic__unseen_drug__base__coexpr__s1.pt
=== synthetic__unseen_drug__base__coexpr__s2 === params=23,908,945 variant=coexpr grn_edges=100 device=cuda
  ep  0 val_DEG50=0.026 val_all=0.010
  ep  2 val_DEG50=0.263 val_all=0.059
  ep  4 val_DEG50=0.447 val_all=0.120
  ep  6 val_DEG50=0.489 val_all=0.140
  ep  8 val_DEG50=0.492 val_all=0.162
  ep 10 val_DEG50=0.475 val_all=0.164
  ep 12 val_DEG50=0.461 val_all=0.183
  ep 14 val_DEG50=0.473 val_all=0.211
  ep 16 val_DEG50=0.487 val_all=0.220
  ep 18 val_DEG50=0.502 val_all=0.249
  ep 20 val_DEG50=0.556 val_all=0.285
  ep 22 val_DEG50=0.609 val_all=0.320
  ep 24 val_DEG50=0.580 val_all=0.322
  ep 26 val_DEG50=0.646 val_all=0.357
  ep 28 val_DEG50=0.648 val_all=0.364
  ep 30 val_DEG50=0.674 val_all=0.378
  ep 32 val_DEG50=0.687 val_all=0.388
  ep 34 val_DEG50=0.695 val_all=0.394
  ep 36 val_DEG50=0.710 val_all=0.403
  ep 38 val_DEG50=0.708 val_all=0.415
  ep 40 val_DEG50=0.717 val_all=0.416
  ep 42 val_DEG50=0.716 val_all=0.408
  ep 44 val_DEG50=0.718 val_all=0.415
  ep 46 val_DEG50=0.724 val_all=0.418
  ep 48 val_DEG50=0.726 val_all=0.420
  ep 50 val_DEG50=0.723 val_all=0.416
  ep 52 val_DEG50=0.724 val_all=0.419
  ep 54 val_DEG50=0.724 val_all=0.416
  best val DEG50=0.726 -> E:\vc_project_data\checkpoints\synthetic__unseen_drug__base__coexpr__s2.pt
=== synthetic__unseen_drug__base__coexpr_lfc === params=23,908,945 variant=coexpr_lfc grn_edges=100 device=cuda
  ep  0 val_DEG50=0.057 val_all=0.009
  ep  2 val_DEG50=0.208 val_all=0.040
  ep  4 val_DEG50=0.443 val_all=0.115
  ep  6 val_DEG50=0.485 val_all=0.140
  ep  8 val_DEG50=0.494 val_all=0.155
  ep 10 val_DEG50=0.503 val_all=0.178
  ep 12 val_DEG50=0.485 val_all=0.203
  ep 14 val_DEG50=0.478 val_all=0.220
  ep 16 val_DEG50=0.491 val_all=0.213
  ep 18 val_DEG50=0.510 val_all=0.244
  ep 20 val_DEG50=0.549 val_all=0.240
  ep 22 val_DEG50=0.566 val_all=0.269
  ep 24 val_DEG50=0.606 val_all=0.294
  ep 26 val_DEG50=0.626 val_all=0.292
  ep 28 val_DEG50=0.640 val_all=0.353
  ep 30 val_DEG50=0.653 val_all=0.370
  ep 32 val_DEG50=0.683 val_all=0.390
  ep 34 val_DEG50=0.688 val_all=0.388
  ep 36 val_DEG50=0.685 val_all=0.402
  ep 38 val_DEG50=0.697 val_all=0.407
  ep 40 val_DEG50=0.695 val_all=0.413
  ep 42 val_DEG50=0.698 val_all=0.416
  ep 44 val_DEG50=0.708 val_all=0.421
  ep 46 val_DEG50=0.705 val_all=0.425
  ep 48 val_DEG50=0.708 val_all=0.425
  ep 50 val_DEG50=0.712 val_all=0.430
  ep 52 val_DEG50=0.714 val_all=0.431
  ep 54 val_DEG50=0.715 val_all=0.435
  best val DEG50=0.715 -> E:\vc_project_data\checkpoints\synthetic__unseen_drug__base__coexpr_lfc.pt
=== synthetic__unseen_drug__base__coexpr_lfc__s1 === params=23,908,945 variant=coexpr_lfc grn_edges=100 device=cuda
  ep  0 val_DEG50=0.009 val_all=0.004
  ep  2 val_DEG50=0.260 val_all=0.057
  ep  4 val_DEG50=0.433 val_all=0.115
  ep  6 val_DEG50=0.481 val_all=0.140
  ep  8 val_DEG50=0.480 val_all=0.154
  ep 10 val_DEG50=0.461 val_all=0.180
  ep 12 val_DEG50=0.461 val_all=0.199
  ep 14 val_DEG50=0.457 val_all=0.206
  ep 16 val_DEG50=0.495 val_all=0.227
  ep 18 val_DEG50=0.508 val_all=0.230
  ep 20 val_DEG50=0.527 val_all=0.258
  ep 22 val_DEG50=0.585 val_all=0.279
  ep 24 val_DEG50=0.579 val_all=0.288
  ep 26 val_DEG50=0.610 val_all=0.330
  ep 28 val_DEG50=0.634 val_all=0.346
  ep 30 val_DEG50=0.663 val_all=0.371
  ep 32 val_DEG50=0.670 val_all=0.371
  ep 34 val_DEG50=0.676 val_all=0.389
  ep 36 val_DEG50=0.694 val_all=0.405
  ep 38 val_DEG50=0.702 val_all=0.413
  ep 40 val_DEG50=0.706 val_all=0.414
  ep 42 val_DEG50=0.706 val_all=0.425
  ep 44 val_DEG50=0.716 val_all=0.427
  ep 46 val_DEG50=0.720 val_all=0.429
  ep 48 val_DEG50=0.721 val_all=0.429
  ep 50 val_DEG50=0.720 val_all=0.433
  ep 52 val_DEG50=0.721 val_all=0.434
  ep 54 val_DEG50=0.722 val_all=0.432
  best val DEG50=0.722 -> E:\vc_project_data\checkpoints\synthetic__unseen_drug__base__coexpr_lfc__s1.pt
=== synthetic__unseen_drug__base__coexpr_lfc__s2 === params=23,908,945 variant=coexpr_lfc grn_edges=100 device=cuda
  ep  0 val_DEG50=0.026 val_all=0.010
  ep  2 val_DEG50=0.266 val_all=0.060
  ep  4 val_DEG50=0.451 val_all=0.121
  ep  6 val_DEG50=0.489 val_all=0.141
  ep  8 val_DEG50=0.491 val_all=0.163
  ep 10 val_DEG50=0.468 val_all=0.169
  ep 12 val_DEG50=0.457 val_all=0.194
  ep 14 val_DEG50=0.480 val_all=0.221
  ep 16 val_DEG50=0.491 val_all=0.230
  ep 18 val_DEG50=0.519 val_all=0.249
  ep 20 val_DEG50=0.549 val_all=0.296
  ep 22 val_DEG50=0.586 val_all=0.304
  ep 24 val_DEG50=0.610 val_all=0.327
  ep 26 val_DEG50=0.656 val_all=0.368
  ep 28 val_DEG50=0.666 val_all=0.367
  ep 30 val_DEG50=0.683 val_all=0.374
  ep 32 val_DEG50=0.701 val_all=0.392
  ep 34 val_DEG50=0.705 val_all=0.399
  ep 36 val_DEG50=0.709 val_all=0.404
  ep 38 val_DEG50=0.705 val_all=0.412
  ep 40 val_DEG50=0.714 val_all=0.412
  ep 42 val_DEG50=0.716 val_all=0.409
  ep 44 val_DEG50=0.717 val_all=0.414
  ep 46 val_DEG50=0.723 val_all=0.421
  ep 48 val_DEG50=0.724 val_all=0.418
  ep 50 val_DEG50=0.721 val_all=0.415
  ep 52 val_DEG50=0.722 val_all=0.419
  ep 54 val_DEG50=0.724 val_all=0.417
  best val DEG50=0.724 -> E:\vc_project_data\checkpoints\synthetic__unseen_drug__base__coexpr_lfc__s2.pt
=== synthetic__unseen_drug__base__ground_truth === params=23,908,945 variant=ground_truth grn_edges=4530 device=cuda
  ep  0 val_DEG50=0.050 val_all=0.008
  ep  2 val_DEG50=0.186 val_all=0.036
  ep  4 val_DEG50=0.428 val_all=0.111
  ep  6 val_DEG50=0.481 val_all=0.138
  ep  8 val_DEG50=0.488 val_all=0.155
  ep 10 val_DEG50=0.499 val_all=0.175
  ep 12 val_DEG50=0.485 val_all=0.202
  ep 14 val_DEG50=0.478 val_all=0.203
  ep 16 val_DEG50=0.504 val_all=0.249
  ep 18 val_DEG50=0.529 val_all=0.255
  ep 20 val_DEG50=0.559 val_all=0.274
  ep 22 val_DEG50=0.595 val_all=0.304
  ep 24 val_DEG50=0.632 val_all=0.313
  ep 26 val_DEG50=0.651 val_all=0.344
  ep 28 val_DEG50=0.664 val_all=0.364
  ep 30 val_DEG50=0.664 val_all=0.374
  ep 32 val_DEG50=0.691 val_all=0.394
  ep 34 val_DEG50=0.703 val_all=0.405
  ep 36 val_DEG50=0.709 val_all=0.411
  ep 38 val_DEG50=0.715 val_all=0.420
  ep 40 val_DEG50=0.717 val_all=0.434
  ep 42 val_DEG50=0.717 val_all=0.441
  ep 44 val_DEG50=0.726 val_all=0.445
  ep 46 val_DEG50=0.724 val_all=0.448
  ep 48 val_DEG50=0.726 val_all=0.449
  ep 50 val_DEG50=0.728 val_all=0.443
  ep 52 val_DEG50=0.729 val_all=0.450
  ep 54 val_DEG50=0.730 val_all=0.459
  best val DEG50=0.730 -> E:\vc_project_data\checkpoints\synthetic__unseen_drug__base__ground_truth.pt
=== synthetic__unseen_drug__base__ground_truth__s1 === params=23,908,945 variant=ground_truth grn_edges=4530 device=cuda
  ep  0 val_DEG50=0.017 val_all=0.006
  ep  2 val_DEG50=0.240 val_all=0.052
  ep  4 val_DEG50=0.423 val_all=0.113
  ep  6 val_DEG50=0.480 val_all=0.140
  ep  8 val_DEG50=0.480 val_all=0.154
  ep 10 val_DEG50=0.455 val_all=0.184
  ep 12 val_DEG50=0.454 val_all=0.199
  ep 14 val_DEG50=0.473 val_all=0.223
  ep 16 val_DEG50=0.495 val_all=0.237
  ep 18 val_DEG50=0.510 val_all=0.254
  ep 20 val_DEG50=0.561 val_all=0.274
  ep 22 val_DEG50=0.585 val_all=0.291
  ep 24 val_DEG50=0.576 val_all=0.290
  ep 26 val_DEG50=0.613 val_all=0.335
  ep 28 val_DEG50=0.656 val_all=0.363
  ep 30 val_DEG50=0.670 val_all=0.371
  ep 32 val_DEG50=0.681 val_all=0.388
  ep 34 val_DEG50=0.685 val_all=0.400
  ep 36 val_DEG50=0.694 val_all=0.411
  ep 38 val_DEG50=0.706 val_all=0.410
  ep 40 val_DEG50=0.709 val_all=0.426
  ep 42 val_DEG50=0.710 val_all=0.437
  ep 44 val_DEG50=0.717 val_all=0.440
  ep 46 val_DEG50=0.722 val_all=0.436
  ep 48 val_DEG50=0.720 val_all=0.444
  ep 50 val_DEG50=0.720 val_all=0.448
  ep 52 val_DEG50=0.722 val_all=0.448
  ep 54 val_DEG50=0.723 val_all=0.446
  best val DEG50=0.723 -> E:\vc_project_data\checkpoints\synthetic__unseen_drug__base__ground_truth__s1.pt
=== synthetic__unseen_drug__base__ground_truth__s2 === params=23,908,945 variant=ground_truth grn_edges=4530 device=cuda
  ep  0 val_DEG50=0.026 val_all=0.010
  ep  2 val_DEG50=0.233 val_all=0.053
  ep  4 val_DEG50=0.443 val_all=0.118
  ep  6 val_DEG50=0.494 val_all=0.141
  ep  8 val_DEG50=0.500 val_all=0.162
  ep 10 val_DEG50=0.473 val_all=0.172
  ep 12 val_DEG50=0.472 val_all=0.196
  ep 14 val_DEG50=0.485 val_all=0.224
  ep 16 val_DEG50=0.494 val_all=0.235
  ep 18 val_DEG50=0.514 val_all=0.255
  ep 20 val_DEG50=0.559 val_all=0.293
  ep 22 val_DEG50=0.617 val_all=0.332
  ep 24 val_DEG50=0.627 val_all=0.348
  ep 26 val_DEG50=0.666 val_all=0.380
  ep 28 val_DEG50=0.669 val_all=0.376
  ep 30 val_DEG50=0.691 val_all=0.391
  ep 32 val_DEG50=0.704 val_all=0.395
  ep 34 val_DEG50=0.709 val_all=0.416
  ep 36 val_DEG50=0.709 val_all=0.410
  ep 38 val_DEG50=0.715 val_all=0.423
  ep 40 val_DEG50=0.721 val_all=0.425
  ep 42 val_DEG50=0.721 val_all=0.421
  ep 44 val_DEG50=0.724 val_all=0.424
  ep 46 val_DEG50=0.728 val_all=0.426
  ep 48 val_DEG50=0.729 val_all=0.432
  ep 50 val_DEG50=0.728 val_all=0.431
  ep 52 val_DEG50=0.730 val_all=0.431
  ep 54 val_DEG50=0.730 val_all=0.433
  best val DEG50=0.730 -> E:\vc_project_data\checkpoints\synthetic__unseen_drug__base__ground_truth__s2.pt

=== unseen_drug  (n_test=270, clusters=9) ===
  baseline B1_mean_effect   0.595 [0.412,0.771]
  baseline B2_ridge         -0.048 [-0.375,0.288]
  baseline B3_ridge_bio     0.631 [0.431,0.795]
  GRNprop[random        ] 0.167 [0.093,0.232]
  GRNprop[coexpr        ] 0.167 [0.093,0.232]
  GRNprop[coexpr_lfc    ] 0.167 [0.093,0.232]
  GRNprop[ground_truth  ] 0.158 [0.081,0.243]
  MoE[none          ]   0.596 [0.305,0.856] (n=3)
  MoE[random        ]   0.595 [0.308,0.858] (n=3)
  MoE[coexpr        ]   0.593 [0.298,0.853] (n=3)
  MoE[coexpr_lfc    ]   0.594 [0.304,0.852] (n=3)
  MoE[ground_truth  ]   0.610 [0.319,0.869] (n=3)
  random_vs_none: Δ=-0.001 p_holm=1.000 
  coexpr_vs_none: Δ=-0.003 p_holm=1.000 
  coexpr_lfc_vs_none: Δ=-0.002 p_holm=1.000 
  ground_truth_vs_none: Δ=+0.014 p_holm=0.340 
  coexpr_lfc_vs_random: Δ=-0.001 p_holm=1.000 

wrote C:\Users\07013\Desktop\0522rd4\results\study_synthetic_v2.json
